DAS test:
Attributes {
    table1 {
        String Authors jehamby, jimg;
        Alias Creators Authors;
        Container {
            Int32 Numbers 123;
            Float64 Floats 456.0;
        }
    }
    table2 {
        Byte another 12;
    }
}
author2 = jimg

Cloned table:
Attributes {
    table1 {
        String Authors jehamby, jimg;
        Alias Creators Authors;
        Container {
            Int32 Numbers 123;
            Float64 Floats 456.0;
        }
    }
    table2 {
        Byte another 12;
    }
}
DAS clone passed
DDS test:
DDS passed semantic check
DDS passed full semantic check
declarations:
Dataset {
    UInt32 myUInt;
    Byte myArray[dummy = 10];
    List Url myList;
    Structure {
        Float64 structFloat;
        String structString;
    } myStructure;
    Grid {
     ARRAY:
        Byte myArray[dummy = 10];
     MAPS:
        Int32 gridMap[dummy = 10];
    } myGrid;
    Sequence {
        Int32 seqInt32;
        String seqString;
    } mySequence;
} test_table;

Data:
UInt32 myUInt = 42;
Byte myArray[dummy = 10] = {0, 10, 20, 30, 40, 50, 60, 70, 80, 90};
List Url myList = { "http://0", "http://1", "http://2", "http://3", "http://4", "http://5", "http://6", "http://7", "http://8", "http://9"};
Structure {
    Float64 structFloat;
    String structString;
} myStructure = { 42.0, "test value" };
Grid {
 ARRAY:
    Byte myArray[dummy = 10];
 MAPS:
    Int32 gridMap[dummy = 10];
} myGrid = { ARRAY: {0, 10, 20, 30, 40, 50, 60, 70, 80, 90} MAPS: {0, 10, 20, 30, 40, 50, 60, 70, 80, 90} };
Sequence {
    Int32 seqInt32;
    String seqString;
} mySequence = { { 1, "string" }, { 3, "another string" } };


myUInt = 42
myArray[5] = 50
myList[5] = http://5
myStructure.structFloat = 42.0
myGrid.gridMap[5] = 50
mySequence[0].seqString = string

DDS passed semantic check
DDS passed full semantic check
clone declarations:
Dataset {
    UInt32 myUInt;
    Byte myArray[dummy = 10];
    List Url myList;
    Structure {
        Float64 structFloat;
        String structString;
    } myStructure;
    Grid {
     ARRAY:
        Byte myArray[dummy = 10];
     MAPS:
        Int32 gridMap[dummy = 10];
    } myGrid;
    Sequence {
        Int32 seqInt32;
        String seqString;
    } mySequence;
} test_table;

Data:
UInt32 myUInt = 42;
Byte myArray[dummy = 10] = {0, 10, 20, 30, 40, 50, 60, 70, 80, 90};
List Url myList = { "http://0", "http://1", "http://2", "http://3", "http://4", "http://5", "http://6", "http://7", "http://8", "http://9"};
Structure {
    Float64 structFloat;
    String structString;
} myStructure = { 42.0, "test value" };
Grid {
 ARRAY:
    Byte myArray[dummy = 10];
 MAPS:
    Int32 gridMap[dummy = 10];
} myGrid = { ARRAY: {0, 10, 20, 30, 40, 50, 60, 70, 80, 90} MAPS: {0, 10, 20, 30, 40, 50, 60, 70, 80, 90} };
Sequence {
    Int32 seqInt32;
    String seqString;
} mySequence = { { 1, "string" }, { 3, "another string" } };


Variable cloning looks good
